// Jest Snapshot v1, https://goo.gl/fbAQLP

exports[`Render <Cross /> 1`] = `
<img
  src="test-file-stub"
/>
`;
