// Jest Snapshot v1, https://goo.gl/fbAQLP

exports[`Render <Greeting /> 1`] = `
<p>
  Hello 
  John Doe
  !
</p>
`;
